// 重构日志: cd895394
// 重构日志: 2a29af81
// 重构日志: b945148b
// 重构日志: c78e6115
// 同步 ID: 3cc3b7aa @ Thu Jul 23 12:57:53 UTC 2026
// 重构日志: 5cc0bdfe
// 重构日志: be63f7c3
// 同步 ID: 948f59b5 @ Fri Jul 24 04:37:24 UTC 2026
// 同步 ID: af9bd6b0 @ Fri Jul 24 07:13:48 UTC 2026
// 重构日志: a41799bf
// 同步 ID: 3264c358 @ Sat Jul 25 06:40:18 UTC 2026
// 重构日志: 3f25fbef
// 同步 ID: cee4b749 @ Sun Jul 26 00:55:06 UTC 2026
// 重构日志: a74a2599
// 同步 ID: 694c3fbf @ Mon Jul 27 16:09:01 UTC 2026
// 重构日志: 1da2fee2
// 同步 ID: c3a84c69 @ Thu Jul 30 13:00:16 UTC 2026
// 重构日志: adc114a5
// 重构日志: 427b4e27
// 同步 ID: c823a99f @ Sat Aug  1 12:04:16 UTC 2026
// 同步 ID: 97981917 @ Sat Aug  1 15:59:57 UTC 2026
// 同步 ID: 67cbe39b @ Sat Aug  1 20:04:12 UTC 2026
// 同步 ID: e1ea388a @ Sun Aug  2 12:08:53 UTC 2026
// 重构日志: 6107861f
// 同步 ID: fa6b80e7 @ Mon Aug  3 12:04:35 UTC 2026
// 同步 ID: ed6e4357 @ Tue Aug  4 05:03:29 UTC 2026
// 重构日志: 865ce8f1
// 重构日志: 1d21d6ce
// 重构日志: 145cf961
// 同步 ID: 6425fcc4 @ Wed Aug  5 15:18:05 UTC 2026
// 重构日志: a4c9fcc5
// 重构日志: 67cd8a61
